// Jest Snapshot v1, https://goo.gl/fbAQLP

exports[`StatusBadge Component matches snapshot 1`] = `
{
  "asFragment": [Function],
  "baseElement": <body>
    <div>
      <div
        class="status-badge bg-green-600"
      >
        <img
          alt="doctor"
          class="h-fit w-3"
          data-nimg="1"
          decoding="async"
          height="24"
          loading="lazy"
          src="/assets/icons/check.svg"
          style="color: transparent;"
          width="24"
        />
        <p
          class="text-12-semibold capitalize text-green-500"
        >
          scheduled
        </p>
      </div>
    </div>
  </body>,
  "container": <div>
    <div
      class="status-badge bg-green-600"
    >
      <img
        alt="doctor"
        class="h-fit w-3"
        data-nimg="1"
        decoding="async"
        height="24"
        loading="lazy"
        src="/assets/icons/check.svg"
        style="color: transparent;"
        width="24"
      />
      <p
        class="text-12-semibold capitalize text-green-500"
      >
        scheduled
      </p>
    </div>
  </div>,
  "debug": [Function],
  "findAllByAltText": [Function],
  "findAllByDisplayValue": [Function],
  "findAllByLabelText": [Function],
  "findAllByPlaceholderText": [Function],
  "findAllByRole": [Function],
  "findAllByTestId": [Function],
  "findAllByText": [Function],
  "findAllByTitle": [Function],
  "findByAltText": [Function],
  "findByDisplayValue": [Function],
  "findByLabelText": [Function],
  "findByPlaceholderText": [Function],
  "findByRole": [Function],
  "findByTestId": [Function],
  "findByText": [Function],
  "findByTitle": [Function],
  "getAllByAltText": [Function],
  "getAllByDisplayValue": [Function],
  "getAllByLabelText": [Function],
  "getAllByPlaceholderText": [Function],
  "getAllByRole": [Function],
  "getAllByTestId": [Function],
  "getAllByText": [Function],
  "getAllByTitle": [Function],
  "getByAltText": [Function],
  "getByDisplayValue": [Function],
  "getByLabelText": [Function],
  "getByPlaceholderText": [Function],
  "getByRole": [Function],
  "getByTestId": [Function],
  "getByText": [Function],
  "getByTitle": [Function],
  "queryAllByAltText": [Function],
  "queryAllByDisplayValue": [Function],
  "queryAllByLabelText": [Function],
  "queryAllByPlaceholderText": [Function],
  "queryAllByRole": [Function],
  "queryAllByTestId": [Function],
  "queryAllByText": [Function],
  "queryAllByTitle": [Function],
  "queryByAltText": [Function],
  "queryByDisplayValue": [Function],
  "queryByLabelText": [Function],
  "queryByPlaceholderText": [Function],
  "queryByRole": [Function],
  "queryByTestId": [Function],
  "queryByText": [Function],
  "queryByTitle": [Function],
  "rerender": [Function],
  "unmount": [Function],
}
`;
